core_cm7.h:2229:22:SCB_EnableICache	4	static,ignoring_inline_asm
core_cm7.h:2281:22:SCB_EnableDCache	24	static,ignoring_inline_asm
main.c:103:5:main	40	static
main.c:227:6:SystemClock_Config	312	static
main.c:297:13:MX_USART3_UART_Init	8	static
main.c:345:13:MX_USB_OTG_FS_PCD_Init	8	static
main.c:381:13:MX_GPIO_Init	32	static
main.c:395:6:udp_reciever_task	16	static
main.c:412:6:udp_echo_recv	24	static,ignoring_inline_asm
main.c:427:6:udp_echo_init	16	static
main.c:457:6:StartDefaultTask	64	static
main.c:508:6:MPU_Config	24	static
main.c:556:6:HAL_TIM_PeriodElapsedCallback	16	static
main.c:573:6:Error_Handler	4	static
